execve("./parent", ["./parent", "test.txt"], 0x7ffca0dde948 /* 74 vars */) = 0
brk(NULL)                               = 0x5ede1d687000
mmap(NULL, 8192, PROT_READ|PROT_WRITE, MAP_PRIVATE|MAP_ANONYMOUS, -1, 0) = 0x7e1ad02e8000
access("/etc/ld.so.preload", R_OK)      = -1 ENOENT (No such file or directory)
openat(AT_FDCWD, "/etc/ld.so.cache", O_RDONLY|O_CLOEXEC) = 3
fstat(3, {st_mode=S_IFREG|0644, st_size=84755, ...}) = 0
mmap(NULL, 84755, PROT_READ, MAP_PRIVATE, 3, 0) = 0x7e1ad02d3000
close(3)                                = 0
openat(AT_FDCWD, "/lib/x86_64-linux-gnu/libc.so.6", O_RDONLY|O_CLOEXEC) = 3
read(3, "\177ELF\2\1\1\3\0\0\0\0\0\0\0\0\3\0>\0\1\0\0\0\220\243\2\0\0\0\0\0"..., 832) = 832
pread64(3, "\6\0\0\0\4\0\0\0@\0\0\0\0\0\0\0@\0\0\0\0\0\0\0@\0\0\0\0\0\0\0"..., 784, 64) = 784
fstat(3, {st_mode=S_IFREG|0755, st_size=2125328, ...}) = 0
pread64(3, "\6\0\0\0\4\0\0\0@\0\0\0\0\0\0\0@\0\0\0\0\0\0\0@\0\0\0\0\0\0\0"..., 784, 64) = 784
mmap(NULL, 2170256, PROT_READ, MAP_PRIVATE|MAP_DENYWRITE, 3, 0) = 0x7e1ad0000000
mmap(0x7e1ad0028000, 1605632, PROT_READ|PROT_EXEC, MAP_PRIVATE|MAP_FIXED|MAP_DENYWRITE, 3, 0x28000) = 0x7e1ad0028000
mmap(0x7e1ad01b0000, 323584, PROT_READ, MAP_PRIVATE|MAP_FIXED|MAP_DENYWRITE, 3, 0x1b0000) = 0x7e1ad01b0000
mmap(0x7e1ad01ff000, 24576, PROT_READ|PROT_WRITE, MAP_PRIVATE|MAP_FIXED|MAP_DENYWRITE, 3, 0x1fe000) = 0x7e1ad01ff000
mmap(0x7e1ad0205000, 52624, PROT_READ|PROT_WRITE, MAP_PRIVATE|MAP_FIXED|MAP_ANONYMOUS, -1, 0) = 0x7e1ad0205000
close(3)                                = 0
mmap(NULL, 12288, PROT_READ|PROT_WRITE, MAP_PRIVATE|MAP_ANONYMOUS, -1, 0) = 0x7e1ad02d0000
arch_prctl(ARCH_SET_FS, 0x7e1ad02d0740) = 0
set_tid_address(0x7e1ad02d0a10)         = 58657
set_robust_list(0x7e1ad02d0a20, 24)     = 0
rseq(0x7e1ad02d1060, 0x20, 0, 0x53053053) = 0
mprotect(0x7e1ad01ff000, 16384, PROT_READ) = 0
mprotect(0x5ede1bb54000, 4096, PROT_READ) = 0
mprotect(0x7e1ad0320000, 8192, PROT_READ) = 0
prlimit64(0, RLIMIT_STACK, NULL, {rlim_cur=8192*1024, rlim_max=RLIM64_INFINITY}) = 0
munmap(0x7e1ad02d3000, 84755)           = 0
rt_sigaction(SIGUSR2, {sa_handler=0x5ede1bb52449, sa_mask=[], sa_flags=SA_RESTORER, sa_restorer=0x7e1ad0045320}, NULL, 8) = 0
rt_sigaction(SIGUSR1, {sa_handler=0x5ede1bb52471, sa_mask=[], sa_flags=SA_RESTORER, sa_restorer=0x7e1ad0045320}, NULL, 8) = 0
rt_sigaction(SIGPIPE, {sa_handler=0x5ede1bb52499, sa_mask=[], sa_flags=SA_RESTORER, sa_restorer=0x7e1ad0045320}, NULL, 8) = 0
rt_sigprocmask(SIG_BLOCK, [USR1], [], 8) = 0
openat(AT_FDCWD, "/tmp/shared_memory_file", O_RDWR|O_CREAT, 0666) = 3
ftruncate(3, 1024)                      = 0
mmap(NULL, 1024, PROT_READ|PROT_WRITE, MAP_SHARED, 3, 0) = 0x7e1ad02e7000
close(3)                                = 0
clone(child_stack=NULL, flags=CLONE_CHILD_CLEARTID|CLONE_CHILD_SETTID|SIGCHLD, child_tidptr=0x7e1ad02d0a10) = 58658
rt_sigsuspend([], 8)                    = ? ERESTARTNOHAND (To be restarted if no handler)
--- SIGUSR1 {si_signo=SIGUSR1, si_code=SI_USER, si_pid=58658, si_uid=1000} ---
fstat(1, {st_mode=S_IFCHR|0620, st_rdev=makedev(0x88, 0), ...}) = 0
getrandom("\xd0\x47\x1b\xbf\xdb\x77\x91\x2b", 8, GRND_NONBLOCK) = 8
brk(NULL)                               = 0x5ede1d687000
brk(0x5ede1d6a8000)                     = 0x5ede1d6a8000
write(1, "\320\240\320\276\320\264\320\270\321\202\320\265\320\273\321\214\321\201\320\272\320\270\320\271 \320\277\321\200\320\276\321"..., 63) = 63
rt_sigreturn({mask=[USR1]})             = -1 EINTR (Interrupted system call)
fstat(0, {st_mode=S_IFCHR|0620, st_rdev=makedev(0x88, 0), ...}) = 0
write(1, "\320\222\320\262\320\265\320\264\320\270\321\202\320\265 \321\201\321\202\321\200\320\276\320\272\321\203 (\320\264\320"..., 81) = 81
read(0, "SLKRgmgr\n", 1024)             = 9
kill(58658, SIGUSR1)                    = 0
rt_sigsuspend([], 8)                    = ? ERESTARTNOHAND (To be restarted if no handler)
--- SIGUSR2 {si_signo=SIGUSR2, si_code=SI_USER, si_pid=58658, si_uid=1000} ---
write(1, "\320\240\320\276\320\264\320\270\321\202\320\265\320\273\321\214\321\201\320\272\320\270\320\271 \320\277\321\200\320\276\321"..., 63) = 63
rt_sigreturn({mask=[USR1]})             = -1 EINTR (Interrupted system call)
write(1, "\320\241\321\202\321\200\320\276\320\272\320\260 \320\277\321\200\320\270\320\275\321\217\321\202\320\260: SLK"..., 38) = 38
write(1, "\320\222\320\262\320\265\320\264\320\270\321\202\320\265 \321\201\321\202\321\200\320\276\320\272\321\203 (\320\264\320"..., 81) = 81
read(0, "KJSGvrn\n", 1024)              = 8
kill(58658, SIGUSR1)                    = 0
rt_sigsuspend([], 8)                    = ? ERESTARTNOHAND (To be restarted if no handler)
--- SIGUSR2 {si_signo=SIGUSR2, si_code=SI_USER, si_pid=58658, si_uid=1000} ---
write(1, "\320\240\320\276\320\264\320\270\321\202\320\265\320\273\321\214\321\201\320\272\320\270\320\271 \320\277\321\200\320\276\321"..., 63) = 63
rt_sigreturn({mask=[USR1]})             = -1 EINTR (Interrupted system call)
write(1, "\320\241\321\202\321\200\320\276\320\272\320\260 \320\277\321\200\320\270\320\275\321\217\321\202\320\260: KJS"..., 37) = 37
write(1, "\320\222\320\262\320\265\320\264\320\270\321\202\320\265 \321\201\321\202\321\200\320\276\320\272\321\203 (\320\264\320"..., 81) = 81
read(0, "LSrkvgm\n", 1024)              = 8
kill(58658, SIGUSR1)                    = 0
rt_sigsuspend([], 8)                    = ? ERESTARTNOHAND (To be restarted if no handler)
--- SIGUSR2 {si_signo=SIGUSR2, si_code=SI_USER, si_pid=58658, si_uid=1000} ---
write(1, "\320\240\320\276\320\264\320\270\321\202\320\265\320\273\321\214\321\201\320\272\320\270\320\271 \320\277\321\200\320\276\321"..., 63) = 63
rt_sigreturn({mask=[USR1]})             = -1 EINTR (Interrupted system call)
write(1, "\320\241\321\202\321\200\320\276\320\272\320\260 \320\277\321\200\320\270\320\275\321\217\321\202\320\260: LSr"..., 37) = 37
write(1, "\320\222\320\262\320\265\320\264\320\270\321\202\320\265 \321\201\321\202\321\200\320\276\320\272\321\203 (\320\264\320"..., 81) = 81
read(0, "SLKRvgm\n", 1024)              = 8
kill(58658, SIGUSR1)                    = 0
--- SIGUSR2 {si_signo=SIGUSR2, si_code=SI_USER, si_pid=58658, si_uid=1000} ---
write(1, "\320\240\320\276\320\264\320\270\321\202\320\265\320\273\321\214\321\201\320\272\320\270\320\271 \320\277\321\200\320\276\321"..., 63) = 63
rt_sigreturn({mask=[USR1]})             = 0
write(1, "\320\241\321\202\321\200\320\276\320\272\320\260 \320\277\321\200\320\270\320\275\321\217\321\202\320\260: SLK"..., 37) = 37
write(1, "\320\222\320\262\320\265\320\264\320\270\321\202\320\265 \321\201\321\202\321\200\320\276\320\272\321\203 (\320\264\320"..., 81) = 81
read(0, "OKVRSm\n", 1024)               = 7
kill(58658, SIGUSR1)                    = 0
rt_sigsuspend([], 8)                    = ? ERESTARTNOHAND (To be restarted if no handler)
--- SIGUSR2 {si_signo=SIGUSR2, si_code=SI_USER, si_pid=58658, si_uid=1000} ---
write(1, "\320\240\320\276\320\264\320\270\321\202\320\265\320\273\321\214\321\201\320\272\320\270\320\271 \320\277\321\200\320\276\321"..., 63) = 63
rt_sigreturn({mask=[USR1]})             = -1 EINTR (Interrupted system call)
write(1, "\320\241\321\202\321\200\320\276\320\272\320\260 \320\277\321\200\320\270\320\275\321\217\321\202\320\260: OKV"..., 36) = 36
write(1, "\320\222\320\262\320\265\320\264\320\270\321\202\320\265 \321\201\321\202\321\200\320\276\320\272\321\203 (\320\264\320"..., 81) = 81
read(0, "SRVKm\n", 1024)                = 6
kill(58658, SIGUSR1)                    = 0
rt_sigsuspend([], 8)                    = ? ERESTARTNOHAND (To be restarted if no handler)
--- SIGUSR2 {si_signo=SIGUSR2, si_code=SI_USER, si_pid=58658, si_uid=1000} ---
write(1, "\320\240\320\276\320\264\320\270\321\202\320\265\320\273\321\214\321\201\320\272\320\270\320\271 \320\277\321\200\320\276\321"..., 63) = 63
rt_sigreturn({mask=[USR1]})             = -1 EINTR (Interrupted system call)
write(1, "\320\241\321\202\321\200\320\276\320\272\320\260 \320\277\321\200\320\270\320\275\321\217\321\202\320\260: SRV"..., 35) = 35
write(1, "\320\222\320\262\320\265\320\264\320\270\321\202\320\265 \321\201\321\202\321\200\320\276\320\272\321\203 (\320\264\320"..., 81) = 81
read(0, "SROKVgmo\n", 1024)             = 9
kill(58658, SIGUSR1)                    = 0
rt_sigsuspend([], 8)                    = ? ERESTARTNOHAND (To be restarted if no handler)
--- SIGUSR2 {si_signo=SIGUSR2, si_code=SI_USER, si_pid=58658, si_uid=1000} ---
write(1, "\320\240\320\276\320\264\320\270\321\202\320\265\320\273\321\214\321\201\320\272\320\270\320\271 \320\277\321\200\320\276\321"..., 63) = 63
rt_sigreturn({mask=[USR1]})             = -1 EINTR (Interrupted system call)
write(1, "\320\241\321\202\321\200\320\276\320\272\320\260 \320\277\321\200\320\270\320\275\321\217\321\202\320\260: SRO"..., 38) = 38
write(1, "\320\222\320\262\320\265\320\264\320\270\321\202\320\265 \321\201\321\202\321\200\320\276\320\272\321\203 (\320\264\320"..., 81) = 81
read(0, "SRKVo\n", 1024)                = 6
kill(58658, SIGUSR1)                    = 0
rt_sigsuspend([], 8)                    = ? ERESTARTNOHAND (To be restarted if no handler)
--- SIGUSR2 {si_signo=SIGUSR2, si_code=SI_USER, si_pid=58658, si_uid=1000} ---
write(1, "\320\240\320\276\320\264\320\270\321\202\320\265\320\273\321\214\321\201\320\272\320\270\320\271 \320\277\321\200\320\276\321"..., 63) = 63
rt_sigreturn({mask=[USR1]})             = -1 EINTR (Interrupted system call)
write(1, "\320\241\321\202\321\200\320\276\320\272\320\260 \320\277\321\200\320\270\320\275\321\217\321\202\320\260: SRK"..., 35) = 35
write(1, "\320\222\320\262\320\265\320\264\320\270\321\202\320\265 \321\201\321\202\321\200\320\276\320\272\321\203 (\320\264\320"..., 81) = 81
read(0, "SRKVmk\n", 1024)               = 7
kill(58658, SIGUSR1)                    = 0
rt_sigsuspend([], 8)                    = ? ERESTARTNOHAND (To be restarted if no handler)
--- SIGUSR2 {si_signo=SIGUSR2, si_code=SI_USER, si_pid=58658, si_uid=1000} ---
write(1, "\320\240\320\276\320\264\320\270\321\202\320\265\320\273\321\214\321\201\320\272\320\270\320\271 \320\277\321\200\320\276\321"..., 63) = 63
rt_sigreturn({mask=[USR1]})             = -1 EINTR (Interrupted system call)
write(1, "\320\241\321\202\321\200\320\276\320\272\320\260 \320\277\321\200\320\270\320\275\321\217\321\202\320\260: SRK"..., 36) = 36
write(1, "\320\222\320\262\320\265\320\264\320\270\321\202\320\265 \321\201\321\202\321\200\320\276\320\272\321\203 (\320\264\320"..., 81) = 81
read(0, "SPVKMo\n", 1024)               = 7
kill(58658, SIGUSR1)                    = 0
rt_sigsuspend([], 8)                    = ? ERESTARTNOHAND (To be restarted if no handler)
--- SIGUSR2 {si_signo=SIGUSR2, si_code=SI_USER, si_pid=58658, si_uid=1000} ---
write(1, "\320\240\320\276\320\264\320\270\321\202\320\265\320\273\321\214\321\201\320\272\320\270\320\271 \320\277\321\200\320\276\321"..., 63) = 63
rt_sigreturn({mask=[USR1]})             = -1 EINTR (Interrupted system call)
write(1, "\320\241\321\202\321\200\320\276\320\272\320\260 \320\277\321\200\320\270\320\275\321\217\321\202\320\260: SPV"..., 36) = 36
write(1, "\320\222\320\262\320\265\320\264\320\270\321\202\320\265 \321\201\321\202\321\200\320\276\320\272\321\203 (\320\264\320"..., 81) = 81
read(0, "SPVMp\n", 1024)                = 6
kill(58658, SIGUSR1)                    = 0
rt_sigsuspend([], 8)                    = ? ERESTARTNOHAND (To be restarted if no handler)
--- SIGUSR2 {si_signo=SIGUSR2, si_code=SI_USER, si_pid=58658, si_uid=1000} ---
write(1, "\320\240\320\276\320\264\320\270\321\202\320\265\320\273\321\214\321\201\320\272\320\270\320\271 \320\277\321\200\320\276\321"..., 63) = 63
rt_sigreturn({mask=[USR1]})             = -1 EINTR (Interrupted system call)
write(1, "\320\241\321\202\321\200\320\276\320\272\320\260 \320\277\321\200\320\270\320\275\321\217\321\202\320\260: SPV"..., 35) = 35
write(1, "\320\222\320\262\320\265\320\264\320\270\321\202\320\265 \321\201\321\202\321\200\320\276\320\272\321\203 (\320\264\320"..., 81) = 81
read(0, "SPRKVml\n", 1024)              = 8
kill(58658, SIGUSR1)                    = 0
rt_sigsuspend([], 8)                    = ? ERESTARTNOHAND (To be restarted if no handler)
--- SIGUSR2 {si_signo=SIGUSR2, si_code=SI_USER, si_pid=58658, si_uid=1000} ---
write(1, "\320\240\320\276\320\264\320\270\321\202\320\265\320\273\321\214\321\201\320\272\320\270\320\271 \320\277\321\200\320\276\321"..., 63) = 63
rt_sigreturn({mask=[USR1]})             = -1 EINTR (Interrupted system call)
write(1, "\320\241\321\202\321\200\320\276\320\272\320\260 \320\277\321\200\320\270\320\275\321\217\321\202\320\260: SPR"..., 37) = 37
write(1, "\320\222\320\262\320\265\320\264\320\270\321\202\320\265 \321\201\321\202\321\200\320\276\320\272\321\203 (\320\264\320"..., 81) = 81
read(0, ":SVkml\n", 1024)               = 7
kill(58658, SIGUSR1)                    = 0
--- SIGUSR2 {si_signo=SIGUSR2, si_code=SI_USER, si_pid=58658, si_uid=1000} ---
write(1, "\320\240\320\276\320\264\320\270\321\202\320\265\320\273\321\214\321\201\320\272\320\270\320\271 \320\277\321\200\320\276\321"..., 63) = 63
rt_sigreturn({mask=[USR1]})             = 0
write(1, "\320\241\321\202\321\200\320\276\320\272\320\260 \320\275\320\265 \320\275\320\260\321\207\320\270\320\275\320\260\320\265"..., 80) = 80
write(1, "\320\222\320\262\320\265\320\264\320\270\321\202\320\265 \321\201\321\202\321\200\320\276\320\272\321\203 (\320\264\320"..., 81) = 81
read(0, "S:KRVm;l\n", 1024)             = 9
kill(58658, SIGUSR1)                    = 0
rt_sigsuspend([], 8)                    = ? ERESTARTNOHAND (To be restarted if no handler)
--- SIGUSR2 {si_signo=SIGUSR2, si_code=SI_USER, si_pid=58658, si_uid=1000} ---
write(1, "\320\240\320\276\320\264\320\270\321\202\320\265\320\273\321\214\321\201\320\272\320\270\320\271 \320\277\321\200\320\276\321"..., 63) = 63
rt_sigreturn({mask=[USR1]})             = -1 EINTR (Interrupted system call)
write(1, "\320\241\321\202\321\200\320\276\320\272\320\260 \320\277\321\200\320\270\320\275\321\217\321\202\320\260: S:K"..., 38) = 38
write(1, "\320\222\320\262\320\265\320\264\320\270\321\202\320\265 \321\201\321\202\321\200\320\276\320\272\321\203 (\320\264\320"..., 81) = 81
read(0, "S:LRVKml\n", 1024)             = 9
kill(58658, SIGUSR1)                    = 0
rt_sigsuspend([], 8)                    = ? ERESTARTNOHAND (To be restarted if no handler)
--- SIGUSR2 {si_signo=SIGUSR2, si_code=SI_USER, si_pid=58658, si_uid=1000} ---
write(1, "\320\240\320\276\320\264\320\270\321\202\320\265\320\273\321\214\321\201\320\272\320\270\320\271 \320\277\321\200\320\276\321"..., 63) = 63
rt_sigreturn({mask=[USR1]})             = -1 EINTR (Interrupted system call)
write(1, "\320\241\321\202\321\200\320\276\320\272\320\260 \320\277\321\200\320\270\320\275\321\217\321\202\320\260: S:L"..., 38) = 38
write(1, "\320\222\320\262\320\265\320\264\320\270\321\202\320\265 \321\201\321\202\321\200\320\276\320\272\321\203 (\320\264\320"..., 81) = 81
read(0, "S:Vkm;\n", 1024)               = 7
kill(58658, SIGUSR1)                    = 0
rt_sigsuspend([], 8)                    = ? ERESTARTNOHAND (To be restarted if no handler)
--- SIGUSR2 {si_signo=SIGUSR2, si_code=SI_USER, si_pid=58658, si_uid=1000} ---
write(1, "\320\240\320\276\320\264\320\270\321\202\320\265\320\273\321\214\321\201\320\272\320\270\320\271 \320\277\321\200\320\276\321"..., 63) = 63
rt_sigreturn({mask=[USR1]})             = -1 EINTR (Interrupted system call)
write(1, "\320\241\321\202\321\200\320\276\320\272\320\260 \320\277\321\200\320\270\320\275\321\217\321\202\320\260: S:V"..., 36) = 36
write(1, "\320\222\320\262\320\265\320\264\320\270\321\202\320\265 \321\201\321\202\321\200\320\276\320\272\321\203 (\320\264\320"..., 81) = 81
read(0, "S:MVl\n", 1024)                = 6
kill(58658, SIGUSR1)                    = 0
rt_sigsuspend([], 8)                    = ? ERESTARTNOHAND (To be restarted if no handler)
--- SIGUSR2 {si_signo=SIGUSR2, si_code=SI_USER, si_pid=58658, si_uid=1000} ---
write(1, "\320\240\320\276\320\264\320\270\321\202\320\265\320\273\321\214\321\201\320\272\320\270\320\271 \320\277\321\200\320\276\321"..., 63) = 63
rt_sigreturn({mask=[USR1]})             = -1 EINTR (Interrupted system call)
write(1, "\320\241\321\202\321\200\320\276\320\272\320\260 \320\277\321\200\320\270\320\275\321\217\321\202\320\260: S:M"..., 35) = 35
write(1, "\320\222\320\262\320\265\320\264\320\270\321\202\320\265 \321\201\321\202\321\200\320\276\320\272\321\203 (\320\264\320"..., 81) = 81
read(0, "SPKFvmop\n", 1024)             = 9
kill(58658, SIGUSR1)                    = 0
rt_sigsuspend([], 8)                    = ? ERESTARTNOHAND (To be restarted if no handler)
--- SIGUSR2 {si_signo=SIGUSR2, si_code=SI_USER, si_pid=58658, si_uid=1000} ---
write(1, "\320\240\320\276\320\264\320\270\321\202\320\265\320\273\321\214\321\201\320\272\320\270\320\271 \320\277\321\200\320\276\321"..., 63) = 63
rt_sigreturn({mask=[USR1]})             = -1 EINTR (Interrupted system call)
write(1, "\320\241\321\202\321\200\320\276\320\272\320\260 \320\277\321\200\320\270\320\275\321\217\321\202\320\260: SPK"..., 38) = 38
write(1, "\320\222\320\262\320\265\320\264\320\270\321\202\320\265 \321\201\321\202\321\200\320\276\320\272\321\203 (\320\264\320"..., 81) = 81
read(0, "SFPvm\n", 1024)                = 6
kill(58658, SIGUSR1)                    = 0
rt_sigsuspend([], 8)                    = ? ERESTARTNOHAND (To be restarted if no handler)
--- SIGUSR2 {si_signo=SIGUSR2, si_code=SI_USER, si_pid=58658, si_uid=1000} ---
write(1, "\320\240\320\276\320\264\320\270\321\202\320\265\320\273\321\214\321\201\320\272\320\270\320\271 \320\277\321\200\320\276\321"..., 63) = 63
rt_sigreturn({mask=[USR1]})             = -1 EINTR (Interrupted system call)
write(1, "\320\241\321\202\321\200\320\276\320\272\320\260 \320\277\321\200\320\270\320\275\321\217\321\202\320\260: SFP"..., 35) = 35
write(1, "\320\222\320\262\320\265\320\264\320\270\321\202\320\265 \321\201\321\202\321\200\320\276\320\272\321\203 (\320\264\320"..., 81) = 81
read(0, "SPLFpvk\n", 1024)              = 8
kill(58658, SIGUSR1)                    = 0
rt_sigsuspend([], 8)                    = ? ERESTARTNOHAND (To be restarted if no handler)
--- SIGUSR2 {si_signo=SIGUSR2, si_code=SI_USER, si_pid=58658, si_uid=1000} ---
write(1, "\320\240\320\276\320\264\320\270\321\202\320\265\320\273\321\214\321\201\320\272\320\270\320\271 \320\277\321\200\320\276\321"..., 63) = 63
rt_sigreturn({mask=[USR1]})             = -1 EINTR (Interrupted system call)
write(1, "\320\241\321\202\321\200\320\276\320\272\320\260 \320\277\321\200\320\270\320\275\321\217\321\202\320\260: SPL"..., 37) = 37
write(1, "\320\222\320\262\320\265\320\264\320\270\321\202\320\265 \321\201\321\202\321\200\320\276\320\272\321\203 (\320\264\320"..., 81) = 81
read(0, "SPFvmp\n", 1024)               = 7
kill(58658, SIGUSR1)                    = 0
rt_sigsuspend([], 8)                    = ? ERESTARTNOHAND (To be restarted if no handler)
--- SIGUSR2 {si_signo=SIGUSR2, si_code=SI_USER, si_pid=58658, si_uid=1000} ---
write(1, "\320\240\320\276\320\264\320\270\321\202\320\265\320\273\321\214\321\201\320\272\320\270\320\271 \320\277\321\200\320\276\321"..., 63) = 63
rt_sigreturn({mask=[USR1]})             = -1 EINTR (Interrupted system call)
write(1, "\320\241\321\202\321\200\320\276\320\272\320\260 \320\277\321\200\320\270\320\275\321\217\321\202\320\260: SPF"..., 36) = 36
write(1, "\320\222\320\262\320\265\320\264\320\270\321\202\320\265 \321\201\321\202\321\200\320\276\320\272\321\203 (\320\264\320"..., 81) = 81
read(0, "SPVDmp\n", 1024)               = 7
kill(58658, SIGUSR1)                    = 0
--- SIGUSR2 {si_signo=SIGUSR2, si_code=SI_USER, si_pid=58658, si_uid=1000} ---
write(1, "\320\240\320\276\320\264\320\270\321\202\320\265\320\273\321\214\321\201\320\272\320\270\320\271 \320\277\321\200\320\276\321"..., 63) = 63
rt_sigreturn({mask=[USR1]})             = 0
write(1, "\320\241\321\202\321\200\320\276\320\272\320\260 \320\277\321\200\320\270\320\275\321\217\321\202\320\260: SPV"..., 36) = 36
write(1, "\320\222\320\262\320\265\320\264\320\270\321\202\320\265 \321\201\321\202\321\200\320\276\320\272\321\203 (\320\264\320"..., 81) = 81
read(0, "SPDVmp\n", 1024)               = 7
kill(58658, SIGUSR1)                    = 0
rt_sigsuspend([], 8)                    = ? ERESTARTNOHAND (To be restarted if no handler)
--- SIGUSR2 {si_signo=SIGUSR2, si_code=SI_USER, si_pid=58658, si_uid=1000} ---
write(1, "\320\240\320\276\320\264\320\270\321\202\320\265\320\273\321\214\321\201\320\272\320\270\320\271 \320\277\321\200\320\276\321"..., 63) = 63
rt_sigreturn({mask=[USR1]})             = -1 EINTR (Interrupted system call)
write(1, "\320\241\321\202\321\200\320\276\320\272\320\260 \320\277\321\200\320\270\320\275\321\217\321\202\320\260: SPD"..., 36) = 36
write(1, "\320\222\320\262\320\265\320\264\320\270\321\202\320\265 \321\201\321\202\321\200\320\276\320\272\321\203 (\320\264\320"..., 81) = 81
read(0, "SFPkvmp\n", 1024)              = 8
kill(58658, SIGUSR1)                    = 0
rt_sigsuspend([], 8)                    = ? ERESTARTNOHAND (To be restarted if no handler)
--- SIGUSR2 {si_signo=SIGUSR2, si_code=SI_USER, si_pid=58658, si_uid=1000} ---
write(1, "\320\240\320\276\320\264\320\270\321\202\320\265\320\273\321\214\321\201\320\272\320\270\320\271 \320\277\321\200\320\276\321"..., 63) = 63
rt_sigreturn({mask=[USR1]})             = -1 EINTR (Interrupted system call)
write(1, "\320\241\321\202\321\200\320\276\320\272\320\260 \320\277\321\200\320\270\320\275\321\217\321\202\320\260: SFP"..., 37) = 37
write(1, "\320\222\320\262\320\265\320\264\320\270\321\202\320\265 \321\201\321\202\321\200\320\276\320\272\321\203 (\320\264\320"..., 81) = 81
read(0, "quit\n", 1024)                 = 5
kill(58658, SIGUSR1)                    = 0
--- SIGUSR2 {si_signo=SIGUSR2, si_code=SI_USER, si_pid=58658, si_uid=1000} ---
write(1, "\320\240\320\276\320\264\320\270\321\202\320\265\320\273\321\214\321\201\320\272\320\270\320\271 \320\277\321\200\320\276\321"..., 63) = 63
--- SIGCHLD {si_signo=SIGCHLD, si_code=CLD_EXITED, si_pid=58658, si_uid=1000, si_status=0, si_utime=0, si_stime=0} ---
rt_sigreturn({mask=[USR1]})             = 0
rt_sigprocmask(SIG_SETMASK, [], NULL, 8) = 0
munmap(0x7e1ad02e7000, 1024)            = 0
wait4(-1, NULL, 0, NULL)                = 58658
exit_group(0)                           = ?
+++ exited with 0 +++
